<?xml version="1.0" encoding="utf-8" ?>
<!DOCTYPE html PUBLIC "-//W3C//DTD XHTML 1.0 Transitional//EN" "https://www.w3.org/TR/xhtml1/DTD/xhtml1-transitional.dtd">
<!--  This file is generated by Nim. -->
<html xmlns="https://www.w3.org/1999/xhtml" xml:lang="en" lang="en">
<head>
<meta http-equiv="Content-Type" content="text/html; charset=utf-8" />
<meta name="viewport" content="width=device-width, initial-scale=1.0">
<title>Index</title>

<!-- Favicon -->
<link rel="shortcut icon" href="data:image/x-icon;base64,AAABAAEAEBAAAAEAIABoBAAAFgAAACgAAAAQAAAAIAAAAAEAIAAAAAAAAAAAAAAAAAAAAAAAAAAAAAAAAAD///8A////AP///wD///8A////AP///wD///8A////AP///wD///8A////AP///wD///8A////AP///wD///8A////AP///wD///8A////AP///wD///8A////AAAAAAUAAAAF////AP///wD///8A////AP///wD///8A////AP///wD///8A////AAAAAAIAAABbAAAAlQAAAKIAAACbAAAAmwAAAKIAAACVAAAAWwAAAAL///8A////AP///wD///8A////AAAAABQAAADAAAAAYwAAAA3///8A////AP///wD///8AAAAADQAAAGMAAADAAAAAFP///wD///8A////AP///wAAAACdAAAAOv///wD///8A////AP///wD///8A////AP///wD///8AAAAAOgAAAJ3///8A////AP///wAAAAAnAAAAcP///wAAAAAoAAAASv///wD///8A////AP///wAAAABKAAAAKP///wAAAABwAAAAJ////wD///8AAAAAgQAAABwAAACIAAAAkAAAAJMAAACtAAAAFQAAABUAAACtAAAAkwAAAJAAAACIAAAAHAAAAIH///8A////AAAAAKQAAACrAAAAaP///wD///8AAAAARQAAANIAAADSAAAARf///wD///8AAAAAaAAAAKsAAACk////AAAAADMAAACcAAAAnQAAABj///8A////AP///wAAAAAYAAAAGP///wD///8A////AAAAABgAAACdAAAAnAAAADMAAAB1AAAAwwAAAP8AAADpAAAAsQAAAE4AAAAb////AP///wAAAAAbAAAATgAAALEAAADpAAAA/wAAAMMAAAB1AAAAtwAAAOkAAAD/AAAA/wAAAP8AAADvAAAA3gAAAN4AAADeAAAA3gAAAO8AAAD/AAAA/wAAAP8AAADpAAAAtwAAAGUAAAA/AAAA3wAAAP8AAAD/AAAA/wAAAP8AAAD/AAAA/wAAAP8AAAD/AAAA/wAAAP8AAADfAAAAPwAAAGX///8A////AAAAAEgAAADtAAAAvwAAAL0AAADGAAAA7wAAAO8AAADGAAAAvQAAAL8AAADtAAAASP///wD///8A////AP///wD///8AAAAAO////wD///8A////AAAAAIcAAACH////AP///wD///8AAAAAO////wD///8A////AP///wD///8A////AP///wD///8A////AP///wD///8A////AP///wD///8A////AP///wD///8A////AP///wD///8A////AP///wD///8A////AP///wD///8A////AP///wD///8A////AP///wD///8A////AP///wD///8A//8AAP//AAD4HwAA7/cAAN/7AAD//wAAoYUAAJ55AACf+QAAh+EAAAAAAADAAwAA4AcAAP5/AAD//wAA//8AAA=="/>
<link rel="icon" type="image/png" sizes="32x32" href="data:image/png;base64,iVBORw0KGgoAAAANSUhEUgAAACAAAAAgCAYAAABzenr0AAAABmJLR0QA/wD/AP+gvaeTAAAACXBIWXMAAA3XAAAN1wFCKJt4AAAAB3RJTUUH4QQQEwksSS9ZWwAAAk1JREFUWMPtll2ITVEUx39nn/O7Y5qR8f05wtCUUr6ZIS++8pEnkZInPImneaCQ5METNdOkeFBKUhMPRIkHKfEuUZSUlGlKPN2TrgfncpvmnntnmlEyq1Z7t89/rf9a6+y99oZxGZf/XeIq61EdtgKXgdXA0xrYAvBjOIF1AI9zvjcC74BSpndrJPkBWDScTF8Aa4E3wDlgHbASaANmVqlcCnwHvgDvgVfAJ+AikAAvgfVZwLnSVZHZaOuKoQi3ZOMi4NkYkpe1p4J7A8BpYAD49hfIy/oqG0+hLomiKP2L5L+1ubn5115S+3OAn4EnwBlgMzCjyt6ZAnQCJ4A7wOs88iRJHvw50HoujuPBoCKwHWiosy8MdfZnAdcHk8dxXFJ3VQbQlCTJvRBCGdRbD4M6uc5glpY3eAihpN5S5w12diSEcCCEcKUO4ljdr15T76ur1FDDLIQQ3qv71EdDOe3Kxj3leRXyk+pxdWnFWod6Wt2bY3de3aSuUHcPBVimHs7mK9WrmeOF6lR1o9qnzskh2ar2qm1qizpfXaPeVGdlmGN5pb09qMxz1Xb1kLqgzn1RyH7JUXW52lr5e/Kqi9qpto7V1atuUzfnARrV7jEib1T76gG2qxdGmXyiekkt1GswPTtek0aBfJp6YySGBfWg2tPQ0FAYgf1stUfdmdcjarbYJEniKIq6gY/Aw+zWHAC+p2labGpqiorFYgGYCEzN7oQdQClN07O1/EfDyGgC0ALMBdYAi4FyK+4H3gLPsxfR1zRNi+NP7nH5J+QntnXe5B5mpfQAAAAASUVORK5CYII=">

<!-- CSS -->
<link rel="stylesheet" type="text/css" href="nimdoc.out.css">

<!-- JS -->
<script type="text/javascript" src="dochack.js"></script>
</head>
<body>
  <div class="document" id="documentId">
    <div class="container">
      <h1 class="title">Index</h1>
      Modules: <a href="subdir/subdir_b/utils.html">subdir/subdir_b/utils</a>, <a href="testproject.html">testproject</a>.<br/><p /><h2>API symbols</h2>
<dl><dt><a name="%60%24%60" href="#%60%24%60"><span>`$`:</span></a></dt><dd><ul class="simple">
<li><a class="reference external"
          data-doc-search-tag="utils: `$`[T](a: G[T]): string" href="subdir/subdir_b/utils.html#%24%2CG%5BT%5D">utils: `$`[T](a: G[T]): string</a></li>
          <li><a class="reference external"
          data-doc-search-tag="utils: `$`[T](a: ref SomeType): string" href="subdir/subdir_b/utils.html#%24%2Cref.SomeType">utils: `$`[T](a: ref SomeType): string</a></li>
          </ul></dd>
<dt><a name="%60%27big%60" href="#%60%27big%60"><span>`'big`:</span></a></dt><dd><ul class="simple">
<li><a class="reference external"
          data-doc-search-tag="utils: `&apos;big`(a: string): SomeType" href="subdir/subdir_b/utils.html#%27big%2Cstring">utils: `&apos;big`(a: string): SomeType</a></li>
          </ul></dd>
<dt><a name="%60%5B%5D%3D%60" href="#%60%5B%5D%3D%60"><span>`[]=`:</span></a></dt><dd><ul class="simple">
<li><a class="reference external"
          data-doc-search-tag="utils: `[]=`[T](a: var G[T]; index: int; value: T)" href="subdir/subdir_b/utils.html#%5B%5D%3D%2CG%5BT%5D%2Cint%2CT">utils: `[]=`[T](a: var G[T]; index: int; value: T)</a></li>
          </ul></dd>
<dt><a name="%60%5B%5D%60" href="#%60%5B%5D%60"><span>`[]`:</span></a></dt><dd><ul class="simple">
<li><a class="reference external"
          data-doc-search-tag="utils: `[]`[T](x: G[T]): T" href="subdir/subdir_b/utils.html#%5B%5D%2CG%5BT%5D">utils: `[]`[T](x: G[T]): T</a></li>
          </ul></dd>
<dt><a name="A" href="#A"><span>A:</span></a></dt><dd><ul class="simple">
<li><a class="reference external"
          data-doc-search-tag="testproject: A" href="testproject.html#A">testproject: A</a></li>
          </ul></dd>
<dt><a name="addfBug14485" href="#addfBug14485"><span>addfBug14485:</span></a></dt><dd><ul class="simple">
<li><a class="reference external"
          data-doc-search-tag="testproject: addfBug14485()" href="testproject.html#addfBug14485">testproject: addfBug14485()</a></li>
          </ul></dd>
<dt><a name="aEnum" href="#aEnum"><span>aEnum:</span></a></dt><dd><ul class="simple">
<li><a class="reference external"
          data-doc-search-tag="utils: aEnum(): untyped" href="subdir/subdir_b/utils.html#aEnum.t">utils: aEnum(): untyped</a></li>
          </ul></dd>
<dt><a name="anything" href="#anything"><span>anything:</span></a></dt><dd><ul class="simple">
<li><a class="reference external"
          data-doc-search-tag="testproject: anything()" href="testproject.html#anything">testproject: anything()</a></li>
          </ul></dd>
<dt><a name="asyncFun1" href="#asyncFun1"><span>asyncFun1:</span></a></dt><dd><ul class="simple">
<li><a class="reference external"
          data-doc-search-tag="testproject: asyncFun1(): Future[int]" href="testproject.html#asyncFun1">testproject: asyncFun1(): Future[int]</a></li>
          </ul></dd>
<dt><a name="asyncFun2" href="#asyncFun2"><span>asyncFun2:</span></a></dt><dd><ul class="simple">
<li><a class="reference external"
          data-doc-search-tag="testproject: asyncFun2(): owned(Future[void])" href="testproject.html#asyncFun2">testproject: asyncFun2(): owned(Future[void])</a></li>
          </ul></dd>
<dt><a name="asyncFun3" href="#asyncFun3"><span>asyncFun3:</span></a></dt><dd><ul class="simple">
<li><a class="reference external"
          data-doc-search-tag="testproject: asyncFun3(): owned(Future[void])" href="testproject.html#asyncFun3">testproject: asyncFun3(): owned(Future[void])</a></li>
          </ul></dd>
<dt><a name="aVariable" href="#aVariable"><span>aVariable:</span></a></dt><dd><ul class="simple">
<li><a class="reference external"
          data-doc-search-tag="testproject: aVariable" href="testproject.html#aVariable">testproject: aVariable</a></li>
          </ul></dd>
<dt><a name="B" href="#B"><span>B:</span></a></dt><dd><ul class="simple">
<li><a class="reference external"
          data-doc-search-tag="testproject: B" href="testproject.html#B">testproject: B</a></li>
          </ul></dd>
<dt><a name="bar" href="#bar"><span>bar:</span></a></dt><dd><ul class="simple">
<li><a class="reference external"
          data-doc-search-tag="testproject: bar(f: FooBuzz)" href="testproject.html#bar">testproject: bar(f: FooBuzz)</a></li>
          <li><a class="reference external"
          data-doc-search-tag="testproject: bar[T](a, b: T): T" href="testproject.html#bar%2CT%2CT">testproject: bar[T](a, b: T): T</a></li>
          <li><a class="reference external"
          data-doc-search-tag="testproject: bar(): untyped" href="testproject.html#bar.m">testproject: bar(): untyped</a></li>
          </ul></dd>
<dt><a name="baz" href="#baz"><span>baz:</span></a></dt><dd><ul class="simple">
<li><a class="reference external"
          data-doc-search-tag="testproject: baz()" href="testproject.html#baz">testproject: baz()</a></li>
          <li><a class="reference external"
          data-doc-search-tag="testproject: baz[T](a, b: T): T" href="testproject.html#baz%2CT%2CT">testproject: baz[T](a, b: T): T</a></li>
          </ul></dd>
<dt><a name="bEnum" href="#bEnum"><span>bEnum:</span></a></dt><dd><ul class="simple">
<li><a class="reference external"
          data-doc-search-tag="utils: bEnum(): untyped" href="subdir/subdir_b/utils.html#bEnum.t">utils: bEnum(): untyped</a></li>
          </ul></dd>
<dt><a name="binarySearch" href="#binarySearch"><span>binarySearch:</span></a></dt><dd><ul class="simple">
<li><a class="reference external"
          data-doc-search-tag="utils: binarySearch[T, K](a: openArray[T]; key: K;
                   cmp: proc (x: T; y: K): int {.closure.}): int" href="subdir/subdir_b/utils.html#binarySearch%2CopenArray%5BT%5D%2CK%2Cproc%28T%2CK%29">utils: binarySearch[T, K](a: openArray[T]; key: K;
                   cmp: proc (x: T; y: K): int {.closure.}): int</a></li>
          </ul></dd>
<dt><a name="buzz" href="#buzz"><span>buzz:</span></a></dt><dd><ul class="simple">
<li><a class="reference external"
          data-doc-search-tag="testproject: buzz[T](a, b: T): T" href="testproject.html#buzz%2CT%2CT">testproject: buzz[T](a, b: T): T</a></li>
          </ul></dd>
<dt><a name="C_A" href="#C_A"><span>C_A:</span></a></dt><dd><ul class="simple">
<li><a class="reference external"
          data-doc-search-tag="testproject: C_A" href="testproject.html#C_A">testproject: C_A</a></li>
          </ul></dd>
<dt><a name="C_B" href="#C_B"><span>C_B:</span></a></dt><dd><ul class="simple">
<li><a class="reference external"
          data-doc-search-tag="testproject: C_B" href="testproject.html#C_B">testproject: C_B</a></li>
          </ul></dd>
<dt><a name="C_C" href="#C_C"><span>C_C:</span></a></dt><dd><ul class="simple">
<li><a class="reference external"
          data-doc-search-tag="testproject: C_C" href="testproject.html#C_C">testproject: C_C</a></li>
          </ul></dd>
<dt><a name="C_D" href="#C_D"><span>C_D:</span></a></dt><dd><ul class="simple">
<li><a class="reference external"
          data-doc-search-tag="testproject: C_D" href="testproject.html#C_D">testproject: C_D</a></li>
          </ul></dd>
<dt><a name="Circle" href="#Circle"><span>Circle:</span></a></dt><dd><ul class="simple">
<li><a class="reference external"
          data-doc-search-tag="Shapes.Circle" href="testproject.html#Circle">Shapes.Circle</a></li>
          </ul></dd>
<dt><a name="c_nonexistent" href="#c_nonexistent"><span>c_nonexistent:</span></a></dt><dd><ul class="simple">
<li><a class="reference external"
          data-doc-search-tag="testproject: c_nonexistent(frmt: cstring): cint" href="testproject.html#c_nonexistent%2Ccstring">testproject: c_nonexistent(frmt: cstring): cint</a></li>
          </ul></dd>
<dt><a name="c_printf" href="#c_printf"><span>c_printf:</span></a></dt><dd><ul class="simple">
<li><a class="reference external"
          data-doc-search-tag="testproject: c_printf(frmt: cstring): cint" href="testproject.html#c_printf%2Ccstring">testproject: c_printf(frmt: cstring): cint</a></li>
          </ul></dd>
<dt><a name="enumValueA" href="#enumValueA"><span>enumValueA:</span></a></dt><dd><ul class="simple">
<li><a class="reference external"
          data-doc-search-tag="SomeType.enumValueA" href="subdir/subdir_b/utils.html#enumValueA">SomeType.enumValueA</a></li>
          </ul></dd>
<dt><a name="enumValueA2" href="#enumValueA2"><span>enumValueA2:</span></a></dt><dd><ul class="simple">
<li><a class="reference external"
          data-doc-search-tag="Foo.enumValueA2" href="testproject.html#enumValueA2">Foo.enumValueA2</a></li>
          </ul></dd>
<dt><a name="enumValueB" href="#enumValueB"><span>enumValueB:</span></a></dt><dd><ul class="simple">
<li><a class="reference external"
          data-doc-search-tag="SomeType.enumValueB" href="subdir/subdir_b/utils.html#enumValueB">SomeType.enumValueB</a></li>
          </ul></dd>
<dt><a name="enumValueC" href="#enumValueC"><span>enumValueC:</span></a></dt><dd><ul class="simple">
<li><a class="reference external"
          data-doc-search-tag="SomeType.enumValueC" href="subdir/subdir_b/utils.html#enumValueC">SomeType.enumValueC</a></li>
          </ul></dd>
<dt><a name="f" href="#f"><span>f:</span></a></dt><dd><ul class="simple">
<li><a class="reference external"
          data-doc-search-tag="utils: f(x: G[int])" href="subdir/subdir_b/utils.html#f%2CG%5Bint%5D">utils: f(x: G[int])</a></li>
          <li><a class="reference external"
          data-doc-search-tag="utils: f(x: G[string])" href="subdir/subdir_b/utils.html#f%2CG%5Bstring%5D">utils: f(x: G[string])</a></li>
          </ul></dd>
<dt><a name="fn" href="#fn"><span>fn:</span></a></dt><dd><ul class="simple">
<li><a class="reference external"
          data-doc-search-tag="utils: fn[T; U, V: SomeFloat]()" href="subdir/subdir_b/utils.html#fn">utils: fn[T; U, V: SomeFloat]()</a></li>
          </ul></dd>
<dt><a name="fn10" href="#fn10"><span>fn10:</span></a></dt><dd><ul class="simple">
<li><a class="reference external"
          data-doc-search-tag="utils: fn10(a: int): int" href="subdir/subdir_b/utils.html#fn10%2Cint">utils: fn10(a: int): int</a></li>
          </ul></dd>
<dt><a name="fN11" href="#fN11"><span>fN11:</span></a></dt><dd><ul class="simple">
<li><a class="reference external"
          data-doc-search-tag="utils: fN11()" href="subdir/subdir_b/utils.html#fN11">utils: fN11()</a></li>
          <li><a class="reference external"
          data-doc-search-tag="utils: fN11(x: int)" href="subdir/subdir_b/utils.html#fN11%2Cint">utils: fN11(x: int)</a></li>
          </ul></dd>
<dt><a name="fn2" href="#fn2"><span>fn2:</span></a></dt><dd><ul class="simple">
<li><a class="reference external"
          data-doc-search-tag="utils: fn2()" href="subdir/subdir_b/utils.html#fn2">utils: fn2()</a></li>
          <li><a class="reference external"
          data-doc-search-tag="utils: fn2(x: int)" href="subdir/subdir_b/utils.html#fn2%2Cint">utils: fn2(x: int)</a></li>
          <li><a class="reference external"
          data-doc-search-tag="utils: fn2(x: int; y: float)" href="subdir/subdir_b/utils.html#fn2%2Cint%2Cfloat">utils: fn2(x: int; y: float)</a></li>
          </ul></dd>
<dt><a name="fn3" href="#fn3"><span>fn3:</span></a></dt><dd><ul class="simple">
<li><a class="reference external"
          data-doc-search-tag="utils: fn3(): auto" href="subdir/subdir_b/utils.html#fn3">utils: fn3(): auto</a></li>
          </ul></dd>
<dt><a name="fn4" href="#fn4"><span>fn4:</span></a></dt><dd><ul class="simple">
<li><a class="reference external"
          data-doc-search-tag="utils: fn4(): auto" href="subdir/subdir_b/utils.html#fn4">utils: fn4(): auto</a></li>
          </ul></dd>
<dt><a name="fn5" href="#fn5"><span>fn5:</span></a></dt><dd><ul class="simple">
<li><a class="reference external"
          data-doc-search-tag="utils: fn5()" href="subdir/subdir_b/utils.html#fn5">utils: fn5()</a></li>
          </ul></dd>
<dt><a name="fn6" href="#fn6"><span>fn6:</span></a></dt><dd><ul class="simple">
<li><a class="reference external"
          data-doc-search-tag="utils: fn6()" href="subdir/subdir_b/utils.html#fn6">utils: fn6()</a></li>
          </ul></dd>
<dt><a name="fn7" href="#fn7"><span>fn7:</span></a></dt><dd><ul class="simple">
<li><a class="reference external"
          data-doc-search-tag="utils: fn7()" href="subdir/subdir_b/utils.html#fn7">utils: fn7()</a></li>
          </ul></dd>
<dt><a name="fn8" href="#fn8"><span>fn8:</span></a></dt><dd><ul class="simple">
<li><a class="reference external"
          data-doc-search-tag="utils: fn8(): auto" href="subdir/subdir_b/utils.html#fn8">utils: fn8(): auto</a></li>
          </ul></dd>
<dt><a name="fn9" href="#fn9"><span>fn9:</span></a></dt><dd><ul class="simple">
<li><a class="reference external"
          data-doc-search-tag="utils: fn9(a: int): int" href="subdir/subdir_b/utils.html#fn9%2Cint">utils: fn9(a: int): int</a></li>
          </ul></dd>
<dt><a name="Foo" href="#Foo"><span>Foo:</span></a></dt><dd><ul class="simple">
<li><a class="reference external"
          data-doc-search-tag="testproject: Foo" href="testproject.html#Foo">testproject: Foo</a></li>
          </ul></dd>
<dt><a name="foo" href="#foo"><span>foo:</span></a></dt><dd><ul class="simple">
<li><a class="reference external"
          data-doc-search-tag="testproject: foo(a, b: SomeType)" href="testproject.html#foo.t%2CSomeType%2CSomeType">testproject: foo(a, b: SomeType)</a></li>
          </ul></dd>
<dt><a name="fooBar" href="#fooBar"><span>fooBar:</span></a></dt><dd><ul class="simple">
<li><a class="reference external"
          data-doc-search-tag="utils: fooBar(a: seq[SomeType]): int" href="subdir/subdir_b/utils.html#fooBar.i%2Cseq%5BSomeType%5D">utils: fooBar(a: seq[SomeType]): int</a></li>
          </ul></dd>
<dt><a name="FooBuzz" href="#FooBuzz"><span>FooBuzz:</span></a></dt><dd><ul class="simple">
<li><a class="reference external"
          data-doc-search-tag="testproject: FooBuzz" href="testproject.html#FooBuzz">testproject: FooBuzz</a></li>
          </ul></dd>
<dt><a name="fromUtils1" href="#fromUtils1"><span>fromUtils1:</span></a></dt><dd><ul class="simple">
<li><a class="reference external"
          data-doc-search-tag="testproject: fromUtils1(): int" href="testproject.html#fromUtils1.i">testproject: fromUtils1(): int</a></li>
          </ul></dd>
<dt><a name="fromUtils2" href="#fromUtils2"><span>fromUtils2:</span></a></dt><dd><ul class="simple">
<li><a class="reference external"
          data-doc-search-tag="testproject: fromUtils2()" href="testproject.html#fromUtils2.t">testproject: fromUtils2()</a></li>
          </ul></dd>
<dt><a name="fromUtils3" href="#fromUtils3"><span>fromUtils3:</span></a></dt><dd><ul class="simple">
<li><a class="reference external"
          data-doc-search-tag="testproject: fromUtils3()" href="testproject.html#fromUtils3">testproject: fromUtils3()</a></li>
          </ul></dd>
<dt><a name="fromUtilsGen" href="#fromUtilsGen"><span>fromUtilsGen:</span></a></dt><dd><ul class="simple">
<li><a class="reference external"
          data-doc-search-tag="utils: fromUtilsGen(): untyped" href="subdir/subdir_b/utils.html#fromUtilsGen.t">utils: fromUtilsGen(): untyped</a></li>
          </ul></dd>
<dt><a name="funWithGenerics" href="#funWithGenerics"><span>funWithGenerics:</span></a></dt><dd><ul class="simple">
<li><a class="reference external"
          data-doc-search-tag="utils: funWithGenerics[T, U: SomeFloat](a: T; b: U)" href="subdir/subdir_b/utils.html#funWithGenerics%2CT%2CU">utils: funWithGenerics[T, U: SomeFloat](a: T; b: U)</a></li>
          </ul></dd>
<dt><a name="G" href="#G"><span>G:</span></a></dt><dd><ul class="simple">
<li><a class="reference external"
          data-doc-search-tag="utils: G" href="subdir/subdir_b/utils.html#G">utils: G</a></li>
          </ul></dd>
<dt><a name="isValid" href="#isValid"><span>isValid:</span></a></dt><dd><ul class="simple">
<li><a class="reference external"
          data-doc-search-tag="testproject: isValid[T](x: T): bool" href="testproject.html#isValid%2CT">testproject: isValid[T](x: T): bool</a></li>
          </ul></dd>
<dt><a name="iter1" href="#iter1"><span>iter1:</span></a></dt><dd><ul class="simple">
<li><a class="reference external"
          data-doc-search-tag="testproject: iter1(n: int): int" href="testproject.html#iter1.i%2Cint">testproject: iter1(n: int): int</a></li>
          </ul></dd>
<dt><a name="iter2" href="#iter2"><span>iter2:</span></a></dt><dd><ul class="simple">
<li><a class="reference external"
          data-doc-search-tag="testproject: iter2(n: int): int" href="testproject.html#iter2.i%2Cint">testproject: iter2(n: int): int</a></li>
          </ul></dd>
<dt><a name="low" href="#low"><span>low:</span></a></dt><dd><ul class="simple">
<li><a class="reference external"
          data-doc-search-tag="testproject: low[T: Ordinal | enum | range](x: T): T" href="testproject.html#low%2CT">testproject: low[T: Ordinal | enum | range](x: T): T</a></li>
          </ul></dd>
<dt><a name="low2" href="#low2"><span>low2:</span></a></dt><dd><ul class="simple">
<li><a class="reference external"
          data-doc-search-tag="testproject: low2[T: Ordinal | enum | range](x: T): T" href="testproject.html#low2%2CT">testproject: low2[T: Ordinal | enum | range](x: T): T</a></li>
          </ul></dd>
<dt><a name="method1" href="#method1"><span>method1:</span></a></dt><dd><ul class="simple">
<li><a class="reference external"
          data-doc-search-tag="testproject: method1(self: Moo)" href="testproject.html#method1.e%2CMoo">testproject: method1(self: Moo)</a></li>
          </ul></dd>
<dt><a name="method2" href="#method2"><span>method2:</span></a></dt><dd><ul class="simple">
<li><a class="reference external"
          data-doc-search-tag="testproject: method2(self: Moo): int" href="testproject.html#method2.e%2CMoo">testproject: method2(self: Moo): int</a></li>
          </ul></dd>
<dt><a name="method3" href="#method3"><span>method3:</span></a></dt><dd><ul class="simple">
<li><a class="reference external"
          data-doc-search-tag="testproject: method3(self: Moo): int" href="testproject.html#method3.e%2CMoo">testproject: method3(self: Moo): int</a></li>
          </ul></dd>
<dt><a name="myfn" href="#myfn"><span>myfn:</span></a></dt><dd><ul class="simple">
<li><a class="reference external"
          data-doc-search-tag="testproject: myfn()" href="testproject.html#myfn.t">testproject: myfn()</a></li>
          </ul></dd>
<dt><a name="p1" href="#p1"><span>p1:</span></a></dt><dd><ul class="simple">
<li><a class="reference external"
          data-doc-search-tag="testproject: p1()" href="testproject.html#p1">testproject: p1()</a></li>
          </ul></dd>
<dt><a name="Rectangle" href="#Rectangle"><span>Rectangle:</span></a></dt><dd><ul class="simple">
<li><a class="reference external"
          data-doc-search-tag="Shapes.Rectangle" href="testproject.html#Rectangle">Shapes.Rectangle</a></li>
          </ul></dd>
<dt><a name="Shapes" href="#Shapes"><span>Shapes:</span></a></dt><dd><ul class="simple">
<li><a class="reference external"
          data-doc-search-tag="testproject: Shapes" href="testproject.html#Shapes">testproject: Shapes</a></li>
          </ul></dd>
<dt><a name="someFunc" href="#someFunc"><span>someFunc:</span></a></dt><dd><ul class="simple">
<li><a class="reference external"
          data-doc-search-tag="testproject: someFunc()" href="testproject.html#someFunc">testproject: someFunc()</a></li>
          </ul></dd>
<dt><a name="SomeType" href="#SomeType"><span>SomeType:</span></a></dt><dd><ul class="simple">
<li><a class="reference external"
          data-doc-search-tag="utils: SomeType" href="subdir/subdir_b/utils.html#SomeType">utils: SomeType</a></li>
          </ul></dd>
<dt><a name="someType" href="#someType"><span>someType:</span></a></dt><dd><ul class="simple">
<li><a class="reference external"
          data-doc-search-tag="utils: someType(): SomeType" href="subdir/subdir_b/utils.html#someType_2">utils: someType(): SomeType</a></li>
          </ul></dd>
<dt><a name="someVariable" href="#someVariable"><span>someVariable:</span></a></dt><dd><ul class="simple">
<li><a class="reference external"
          data-doc-search-tag="testproject: someVariable" href="testproject.html#someVariable">testproject: someVariable</a></li>
          </ul></dd>
<dt><a name="testNimDocTrailingExample" href="#testNimDocTrailingExample"><span>testNimDocTrailingExample:</span></a></dt><dd><ul class="simple">
<li><a class="reference external"
          data-doc-search-tag="testproject: testNimDocTrailingExample()" href="testproject.html#testNimDocTrailingExample.t">testproject: testNimDocTrailingExample()</a></li>
          </ul></dd>
<dt><a name="Triangle" href="#Triangle"><span>Triangle:</span></a></dt><dd><ul class="simple">
<li><a class="reference external"
          data-doc-search-tag="Shapes.Triangle" href="testproject.html#Triangle">Shapes.Triangle</a></li>
          </ul></dd>
<dt><a name="tripleStrLitTest" href="#tripleStrLitTest"><span>tripleStrLitTest:</span></a></dt><dd><ul class="simple">
<li><a class="reference external"
          data-doc-search-tag="testproject: tripleStrLitTest()" href="testproject.html#tripleStrLitTest">testproject: tripleStrLitTest()</a></li>
          </ul></dd>
<dt><a name="z1" href="#z1"><span>z1:</span></a></dt><dd><ul class="simple">
<li><a class="reference external"
          data-doc-search-tag="testproject: z1(): Foo" href="testproject.html#z1">testproject: z1(): Foo</a></li>
          </ul></dd>
<dt><a name="z10" href="#z10"><span>z10:</span></a></dt><dd><ul class="simple">
<li><a class="reference external"
          data-doc-search-tag="testproject: z10()" href="testproject.html#z10">testproject: z10()</a></li>
          </ul></dd>
<dt><a name="z11" href="#z11"><span>z11:</span></a></dt><dd><ul class="simple">
<li><a class="reference external"
          data-doc-search-tag="testproject: z11()" href="testproject.html#z11">testproject: z11()</a></li>
          </ul></dd>
<dt><a name="z12" href="#z12"><span>z12:</span></a></dt><dd><ul class="simple">
<li><a class="reference external"
          data-doc-search-tag="testproject: z12(): int" href="testproject.html#z12">testproject: z12(): int</a></li>
          </ul></dd>
<dt><a name="z13" href="#z13"><span>z13:</span></a></dt><dd><ul class="simple">
<li><a class="reference external"
          data-doc-search-tag="testproject: z13()" href="testproject.html#z13">testproject: z13()</a></li>
          </ul></dd>
<dt><a name="z14" href="#z14"><span>z14:</span></a></dt><dd><ul class="simple">
<li><a class="reference external"
          data-doc-search-tag="testproject: z14()" href="testproject.html#z14.t">testproject: z14()</a></li>
          </ul></dd>
<dt><a name="z15" href="#z15"><span>z15:</span></a></dt><dd><ul class="simple">
<li><a class="reference external"
          data-doc-search-tag="testproject: z15()" href="testproject.html#z15.t">testproject: z15()</a></li>
          </ul></dd>
<dt><a name="z16" href="#z16"><span>z16:</span></a></dt><dd><ul class="simple">
<li><a class="reference external"
          data-doc-search-tag="testproject: z16()" href="testproject.html#z16.m">testproject: z16()</a></li>
          </ul></dd>
<dt><a name="z17" href="#z17"><span>z17:</span></a></dt><dd><ul class="simple">
<li><a class="reference external"
          data-doc-search-tag="testproject: z17()" href="testproject.html#z17">testproject: z17()</a></li>
          </ul></dd>
<dt><a name="z18" href="#z18"><span>z18:</span></a></dt><dd><ul class="simple">
<li><a class="reference external"
          data-doc-search-tag="testproject: z18(): int" href="testproject.html#z18.m">testproject: z18(): int</a></li>
          </ul></dd>
<dt><a name="z2" href="#z2"><span>z2:</span></a></dt><dd><ul class="simple">
<li><a class="reference external"
          data-doc-search-tag="testproject: z2()" href="testproject.html#z2">testproject: z2()</a></li>
          </ul></dd>
<dt><a name="z3" href="#z3"><span>z3:</span></a></dt><dd><ul class="simple">
<li><a class="reference external"
          data-doc-search-tag="testproject: z3()" href="testproject.html#z3">testproject: z3()</a></li>
          </ul></dd>
<dt><a name="z4" href="#z4"><span>z4:</span></a></dt><dd><ul class="simple">
<li><a class="reference external"
          data-doc-search-tag="testproject: z4()" href="testproject.html#z4">testproject: z4()</a></li>
          </ul></dd>
<dt><a name="z5" href="#z5"><span>z5:</span></a></dt><dd><ul class="simple">
<li><a class="reference external"
          data-doc-search-tag="testproject: z5(): int" href="testproject.html#z5">testproject: z5(): int</a></li>
          </ul></dd>
<dt><a name="z6" href="#z6"><span>z6:</span></a></dt><dd><ul class="simple">
<li><a class="reference external"
          data-doc-search-tag="testproject: z6(): int" href="testproject.html#z6">testproject: z6(): int</a></li>
          </ul></dd>
<dt><a name="z6t" href="#z6t"><span>z6t:</span></a></dt><dd><ul class="simple">
<li><a class="reference external"
          data-doc-search-tag="testproject: z6t(): int" href="testproject.html#z6t.t">testproject: z6t(): int</a></li>
          </ul></dd>
<dt><a name="z7" href="#z7"><span>z7:</span></a></dt><dd><ul class="simple">
<li><a class="reference external"
          data-doc-search-tag="testproject: z7(): int" href="testproject.html#z7">testproject: z7(): int</a></li>
          </ul></dd>
<dt><a name="z8" href="#z8"><span>z8:</span></a></dt><dd><ul class="simple">
<li><a class="reference external"
          data-doc-search-tag="testproject: z8(): int" href="testproject.html#z8">testproject: z8(): int</a></li>
          </ul></dd>
<dt><a name="z9" href="#z9"><span>z9:</span></a></dt><dd><ul class="simple">
<li><a class="reference external"
          data-doc-search-tag="testproject: z9()" href="testproject.html#z9">testproject: z9()</a></li>
          </ul></dd>
</dl>
      <div class="twelve-columns footer">
        <span class="nim-sprite"></span>
        <br>
        <small style="color: var(--hint);">Made with Nim. Generated: 1970-01-02 03:46:40 UTC</small>
      </div>
    </div>
  </div>
  
  <!-- Google fonts -->
  <link href='https://fonts.googleapis.com/css?family=Lato:400,600,900' rel='stylesheet' type='text/css'/>
  <link href='https://fonts.googleapis.com/css?family=Source+Code+Pro:400,500,600' rel='stylesheet' type='text/css'/>
</body>
</html>
